# Part 1: Building a REST API with NestJS and Prisma
## Generate the NestJS project
```
$ npx @nestjs/cli new median
```
## Create a PostgreSQL instance
```
$ touch compose.yml
$ vim compose.yml
+ # docker-compose.yml
+ 
+ version: '3.8'
+ services:
+ 
+   postgres:
+     image: postgres:13.5
+     restart: always
+     environment:
+       - POSTGRES_USER=myuser
+       - POSTGRES_PASSWORD=mypassword
+     volumes:
+       - postgres:/var/lib/postgresql/data
+     ports:
+       - '5432:5432'
+ 
+ volumes:
+   postgres:
$ docker compose up -d
```
## Set up Prisma
### Initialize Prisma
```
$ npm install -D prisma
$ npx prisma init
```
### Set your environment variable
```
$ vim .env
+ DATABASE_URL="postgres://myuser:mypassword@localhost:5432/median-db"
```
### Model the data
```
$ vim prisma/schema.prisma
+ model Article {
+ 	id			Int		@id @default(autoincrement())
+ 	title		String	@unique
+ 	description	String?
+ 	body		String
+ 	published	Boolean	@default(false)
+ 	createdAt	DateTime	@default(now())
+ 	updatedAt	DateTime	@updatedAt
+ }
```
- @unique: How is it achieved? (from the migration file, it lacks a unique constraint)
- @updatedAt: How is it achieved? (from the migration file, it lacks a trigger)
### Migrate the database
1. Save the migration
2. Execute the migration
3. Generate the Prisma client
```
$ npx prisma migrate dev --name "init"
```
### Seed the database
```
$ touch prisma/seed.ts
$ vim package.json
+   "prisma": {
+ 	  "seed": "ts-node prisma/seed.ts"
+   }
$ npx prisma db seed
```
### Create a Prisma service
```
$ npx nest generate module prisma
$ npx nest generate service prisma
$ vim src/prisma/prisma.module.ts
+   exports: [PrismaService]
```
- The Prisma module will be responsible for creating a singleton instance of the PrismaService and allow sharing of the service throughout your application. To do this, you will add the PrismaService to the exports array in the prisma.module.ts file:
- Any module that imports the PrismaModule will have access to PrismaService and can inject it into its own components/services. 

```
Error: Cannot find module './app.controller'
$ rm -rf dist
# Ctrl-C on `npm run start:dev` tab
$ npm run start:dev
```

## Set up Swagger
```
$ npm install --save @nestjs/swagger swagger-ui-express
$ vim src/main.ts
+ import { SwaggerModule, DocumentBuilder } from '@nestjs/swagger';
...
+   const config = new DocumentBuilder()
+     .setTitle('Median')
+     .setDescription('The Median API description')
+     .setVersion('0.1')
+     .build();
+ 
+   const document = SwaggerModule.createDocument(app, config);
+   SwaggerModule.setup('api', app, document);
$ open http://localhost:3000/api
```

## Implement CRUD operations for Article model
```
$ npx nest generate resource
? What name would you like to use for this resource (plural, e.g., "users")? articles
? What transport layer do you use? REST API
? Would you like to generate CRUD entry points? Yes
```

### Add PrismaClient to the Articles module
```
$ src/articles/articles.module.ts
```
### Define endpoints
- the id parameter needs to be casted to a number using the + operator.
- GET /articles/:id returns 200 even if id not found
- DELETE /articles/:id returns 200 even if it removes the article (expected 204)

## Update Swagger response types
- Response statuses must be defined by response decorators

# Part 2: Building a REST API with NestJS and Prisma: Input Validation & Transformation
## Perform input validation
- Nest invokes a pipe before the route handler, and the pipe receives the arguments destined for the route handler.
- Pipes can do a number of things, like validate the input, add fields to the input, etc.
- The scope of pipes is limited to processing input arguments.

### Set up ValidationPipe globally
```
$ npm install class-validator class-transformer
$ vim src/main.ts
+ import { ValidationPipe } from "@nestjs/common";
+   app.useGlobalPipes(new ValidationPipe());
```

### Add validation rules to CreateArticleDto
```
$ vim src/articles/dto/create-article.dto.ts
+ import {
+   IsBoolean,
+   IsNotEmpty,
+   IsOptional,
+   IsString,
+   MaxLength,
+   MinLength,
+ } from 'class-validator';
+ @IsString()
+ @IsNotEmpty()
+ @MinLength(10)
...
```

### Strip unnecessary properties from client requests
- ValidationPipe will automatically remove all non-whitelisted properties
```
+   app.useGlobalPipes(new ValidationPipe({ whitelist: true }));
```

## Transform dynamic URL paths with ParseIntPipe
```
$ vim src/articles/articles.controller.ts
+ import { ParseIntPipe } from '@nestjs/common';
...
+   findOne(@Param('id', ParseIntPipe) id: number) {
```

# Part 3: Building a REST API with NestJS and Prisma: Error Handling
## Detect and throw exceptions directly
```
throw new NotFoundException();
```
## Handle exceptions by using exception filters
```
$ npx nest generate filter prisma-client-exception
```

